Microchip Technology Inc, v1.33 (A)

Tool Name:
  c:\program files (x86)\microchip\xc16\v1.33\bin\bin\..\bin/elf-ld.exe

Command:
  -p24FV32KA301 \
  -o \
  dist/default/debug/BFDisplayPIC.X.debug.elf \
  -Lc:/program files (x86)/microchip/xc16/v1.33/bin/bin/.. \
  -Lc:/program files (x86)/microchip/xc16/v1.33/bin/bin/../../lib \
  -Lc:/program files (x86)/microchip/xc16/v1.33/bin/bin/../../support/PIC24E/gld \
  -Lc:/program files (x86)/microchip/xc16/v1.33/bin/bin/../../support/PIC24F/gld \
  -Lc:/program files (x86)/microchip/xc16/v1.33/bin/bin/../../support/PIC24H/gld \
  -Lc:/program files (x86)/microchip/xc16/v1.33/bin/bin/../../support/dsPIC30F/gld \
  -Lc:/program files (x86)/microchip/xc16/v1.33/bin/bin/../../support/dsPIC33C/gld \
  -Lc:/program files (x86)/microchip/xc16/v1.33/bin/bin/../../support/dsPIC33E/gld \
  -Lc:/program files (x86)/microchip/xc16/v1.33/bin/bin/../../support/dsPIC33F/gld \
  build/default/debug/DisplayMain.o \
  build/default/debug/DisplayConfiguration.o \
  build/default/debug/DisplayMenu.o \
  build/default/debug/DisplayRTCC.o \
  build/default/debug/Delays.o \
  build/default/debug/Watchdog.o \
  build/default/debug/Communications.o \
  build/default/debug/REM_DisplayUART.o \
  -TC:\\Users\\Austin\\AppData\\Local\\Temp\\tmp000025f8.00 \
  -TC:\\Users\\Austin\\AppData\\Local\\Temp\\tmp000025f8.01 \
  -TC:\\Users\\Austin\\AppData\\Local\\Temp\\tmp000025f8.02 \
  -TC:\\Users\\Austin\\AppData\\Local\\Temp\\tmp000025f8.03 \
  -TC:\\Users\\Austin\\AppData\\Local\\Temp\\tmp000025f8.04 \
  --defsym=__MPLAB_BUILD=1 \
  --defsym=__MPLAB_DEBUG=1 \
  --defsym=__DEBUG=1 \
  -Tp24FV32KA301.gld.05 \
  --stack=16 \
  --check-sections \
  --data-init \
  --pack-data \
  --handles \
  --isr \
  --no-gc-sections \
  --fill-upper=0 \
  --stackguard=16 \
  --no-force-link \
  --smart-io \
  -Map=dist/default/debug/BFDisplayPIC.X.debug.map \
  --report-mem \
  --memorysummary \
  dist/default/debug/memoryfile.xml \
  -start-group \
  --library=pic30-elf \
  --library=m-elf \
  --library=c-elf \
  -end-group \


Optional library libpPIC24Fxxx.a not found
Archive member included because of file (symbol)

c:/program files (x86)/microchip/xc16/v1.33/bin/bin/../../lib\libpic30-elf.a(crt0_standard.o)
                              (__resetPRI)
c:/program files (x86)/microchip/xc16/v1.33/bin/bin/../../lib\libpic30-elf.a(data_init_standard.o)
                              c:/program files (x86)/microchip/xc16/v1.33/bin/bin/../../lib\libpic30-elf.a(crt0_standard.o) (__data_init_standard)
c:/program files (x86)/microchip/xc16/v1.33/bin/bin/../../lib\libpic30-elf.a(crt_start_mode_normal.eo)
                              (__crt_start_mode_normal)
c:/program files (x86)/microchip/xc16/v1.33/bin/bin/../../lib\libm-elf.a(udivsi3.eo)
                              build/default/debug/DisplayMenu.o (___udivsi3)
c:/program files (x86)/microchip/xc16/v1.33/bin/bin/../../lib\libm-elf.a(umodsi3.eo)
                              build/default/debug/DisplayMenu.o (___umodsi3)
c:/program files (x86)/microchip/xc16/v1.33/bin/bin/../../lib\libc-elf.a(atoi.eo)
                              build/default/debug/Communications.o (_atoi)
c:/program files (x86)/microchip/xc16/v1.33/bin/bin/../../lib\libc-elf.a(atol.eo)
                              build/default/debug/Communications.o (_atol)
c:/program files (x86)/microchip/xc16/v1.33/bin/bin/../../lib\libc-elf.a(itoa.eo)
                              build/default/debug/DisplayMenu.o (_itoa)
c:/program files (x86)/microchip/xc16/v1.33/bin/bin/../../lib\libc-elf.a(ltoa.eo)
                              build/default/debug/DisplayMenu.o (_ultoa)
c:/program files (x86)/microchip/xc16/v1.33/bin/bin/../../lib\libm-elf.a(mulsi3.eo)
                              c:/program files (x86)/microchip/xc16/v1.33/bin/bin/../../lib\libc-elf.a(atol.eo) (___mulsi3)


Selected CodeGuard Options:
  FGS:GWRP:OFF
  FGS:GSS0:OFF
  FBS:BWRP:OFF
  FBS:BSS:OFF

CodeGuard FLASH Memory:
  boot    (none)
  secure  (none)
  general 0x200 to 0x57fe

CodeGuard RAM Memory:
  general 0x800 to 0xfff
  secure  (none)
  boot    (none)

CodeGuard EEPROM Memory:
  general 0x7ffe00 to 0x7fffff
  secure  (none)
  boot    (none)


xc16-ld 1.33 (A)

Program Memory  [Origin = 0x200, Length = 0x5600]

section                    address   length (PC units)   length (bytes) (dec)
-------                    -------   -----------------   --------------------
.text                        0x200               0x5c4           0x8a6  (2214)
.const                       0x7c4               0x93a           0xdd7  (3543)
.text                       0x10fe              0x3538          0x4fd4  (20436)
.dinit                      0x4636                0x22            0x33  (51)
.text                       0x4658                 0x8             0xc  (12)

                 Total program memory used (bytes):         0x6690  (26256) 79%


Ivt Memory  [Origin = 0x4, Length = 0xfc]

[...]
Memory Configuration

Name             Origin             Length             Attributes
data             0x000800           0x000800           a !xr
reset            0x000000           0x000004  
ivt              0x000004           0x0000fc  
_reserved        0x000100           0x000004  
aivt             0x000104           0x0000fc  
program          0x000200           0x005600           xr
eedata           0x7ffe00           0x000200  
FBS              0xf80000           0x000002  
FGS              0xf80004           0x000002  
FOSCSEL          0xf80006           0x000002  
FOSC             0xf80008           0x000002  
FWDT             0xf8000a           0x000002  
FPOR             0xf8000c           0x000002  
FICD             0xf8000e           0x000002  
FDS              0xf80010           0x000002  
*default*        0x000000           0xffffffff  

Linker script and memory map

LOAD build/default/debug/DisplayMain.o
LOAD build/default/debug/DisplayConfiguration.o
LOAD build/default/debug/DisplayMenu.o
LOAD build/default/debug/DisplayRTCC.o
LOAD build/default/debug/Delays.o
LOAD build/default/debug/Watchdog.o
LOAD build/default/debug/Communications.o
LOAD build/default/debug/REM_DisplayUART.o

reserve_data_0x800
                    0x0800         0x20
                    0x0820                  . = 0x20
 *fill*             0x0800         0x2000

reserve_data_0x820
                    0x0820          0x2
                    0x0822                  . = 0x2
 *fill*             0x0820          0x200

reserve_data_0x822
                    0x0822          0x2
                    0x0824                  . = 0x2
 *fill*             0x0822          0x200

reserve_data_0x824
                    0x0824          0x2
                    0x0826                  . = 0x2
 *fill*             0x0824          0x200

reserve_data_0x826
                    0x0826         0x2a
                    0x0850                  . = 0x2a
 *fill*             0x0826         0x2a00
                    0x0001                  __MPLAB_BUILD = 0x1
                    0x0001                  __MPLAB_DEBUG = 0x1
                    0x0001                  __DEBUG = 0x1
LOAD pPIC24Fxxx
LOAD c:/program files (x86)/microchip/xc16/v1.33/bin/bin/../../lib\libfx-elf.a
                    0xf80000                  __FBS = 0xf80000
                    0xf80004                  __FGS = 0xf80004
                    0xf80006                  __FOSCSEL = 0xf80006
                    0xf80008                  __FOSC = 0xf80008
                    0xf8000a                  __FWDT = 0xf8000a
                    0xf8000c                  __FPOR = 0xf8000c
                    0xf8000e                  __FICD = 0xf8000e
                    0xf80010                  __FDS = 0xf80010
                    0x0001                  __NO_HANDLES = 0x1
                    0x0200                  __CODE_BASE = 0x200
                    0x5600                  __CODE_LENGTH = 0x5600
                    0x0004                  __IVT_BASE = 0x4
                    0x0104                  __AIVT_BASE = 0x104
                    0x0800                  __DATA_BASE = 0x800
                    0x0800                  __DATA_LENGTH = 0x800

.reset            0x000000          0x4
                  0x000000          0x2 SHORT 0x200 ABSOLUTE (__reset)
                  0x000001          0x2 SHORT 0x4
                  0x000002          0x2 SHORT 0x0 ((ABSOLUTE (__reset) >> 0x10) & 0x7f)
                  0x000003          0x2 SHORT 0x0

.text             0x000200        0x5c4
 *(.init)
 .init            0x000200         0x4c c:/program files (x86)/microchip/xc16/v1.33/bin/bin/../../lib\libpic30-elf.a(crt0_standard.o)
                  0x000200                  __resetPRI
                  0x000200                  __reset
                  0x00023c                  __psv_init
 .init            0x00024c         0x7c c:/program files (x86)/microchip/xc16/v1.33/bin/bin/../../lib\libpic30-elf.a(data_init_standard.o)
                  0x000252                  __data_init_standard
                  0x000252                  __data_init
 *(.user_init)
 *(.handle)
 *(.isr*)
 .isr.text        0x0002c8        0x1ae build/default/debug/DisplayMain.o
                  0x0002c8                  __T2Interrupt
 .isr.text        0x000476        0x17e build/default/debug/DisplayMenu.o
                  0x000476                  __T1Interrupt
 .isr.text        0x0005f4         0x48 build/default/debug/Communications.o
                  0x0005f4                  __U2RXInterrupt
                  0x00062a                  __U2ErrInterrupt
 .isr             0x00063c          0x4 default_isr
                  0x00063c                  __DefaultInterrupt
 *(.libc)
 *(.libm)
 *(.libdsp)
 *(.lib*)
 .libpic30_crt_start_mode
                  0x000640          0x2 c:/program files (x86)/microchip/xc16/v1.33/bin/bin/../../lib\libpic30-elf.a(crt_start_mode_normal.eo)
                  0x000640                  __crt_start_mode
                  0x000640                  __crt_start_mode_normal
 .libm.udivsi3    0x000642         0x20 c:/program files (x86)/microchip/xc16/v1.33/bin/bin/../../lib\libm-elf.a(udivsi3.eo)
                  0x000642                  ___udivsi3
 .libm.umodsi3    0x000662          0x6 c:/program files (x86)/microchip/xc16/v1.33/bin/bin/../../lib\libm-elf.a(umodsi3.eo)
                  0x000662                  ___umodsi3
 .libc.atoi       0x000668         0x3e c:/program files (x86)/microchip/xc16/v1.33/bin/bin/../../lib\libc-elf.a(atoi.eo)
                  0x000668                  _atoi
 .libc.atol       0x0006a6         0x56 c:/program files (x86)/microchip/xc16/v1.33/bin/bin/../../lib\libc-elf.a(atol.eo)
                  0x0006a6                  _atol
 .libc.utoa       0x0006fc         0x34 c:/program files (x86)/microchip/xc16/v1.33/bin/bin/../../lib\libc-elf.a(itoa.eo)
                  0x0006fc                  _utoa
 .libc.itoa       0x000730         0x1c c:/program files (x86)/microchip/xc16/v1.33/bin/bin/../../lib\libc-elf.a(itoa.eo)
                  0x000730                  _itoa
 .libc.ultoa      0x00074c         0x4c c:/program files (x86)/microchip/xc16/v1.33/bin/bin/../../lib\libc-elf.a(ltoa.eo)
                  0x00074c                  _ultoa
 .libc.ltoa       0x000798         0x20 c:/program files (x86)/microchip/xc16/v1.33/bin/bin/../../lib\libc-elf.a(ltoa.eo)
                  0x000798                  _ltoa
 .libm.mulsi3     0x0007b8          0xc c:/program files (x86)/microchip/xc16/v1.33/bin/bin/../../lib\libm-elf.a(mulsi3.eo)
                  0x0007b8                  ___mulp32peds3
                  0x0007b8                  ___mulsi3
                  0x0007b8                  ___mulp32eds3

usercode
 *(usercode)

__FBS             0xf80000          0x2
 *(__FBS.sec*)
 __FBS.sec        0xf80000          0x2 FBS
                  0xf80000                  __FBS.sec

__FGS             0xf80004          0x2
 *(__FGS.sec*)
 __FGS.sec        0xf80004          0x2 FGS
                  0xf80004                  __FGS.sec

__FOSCSEL
 *(__FOSCSEL.sec*)

__FOSC
 *(__FOSC.sec*)

__FWDT
 *(__FWDT.sec*)

__FPOR
 *(__FPOR.sec*)

__FICD
 *(__FICD.sec*)

__FDS
 *(__FDS.sec*)

.comment
 *(.comment)

.debug_info       0x000000       0x60aa
 *(.debug_info)
 .debug_info      0x000000       0x166a build/default/debug/DisplayMain.o
 .debug_info      0x00166a       0x1a81 build/default/debug/DisplayMenu.o
 .debug_info      0x0030eb        0x69b build/default/debug/DisplayRTCC.o
 .debug_info      0x003786        0x1d1 build/default/debug/Delays.o
 .debug_info      0x003957        0x137 build/default/debug/Watchdog.o
 .debug_info      0x003a8e       0x261c build/default/debug/Communications.o
 *(.gnu.linkonce.wi.*)

.debug_abbrev     0x000000        0x770
 *(.debug_abbrev)
 .debug_abbrev    0x000000        0x1b1 build/default/debug/DisplayMain.o
 .debug_abbrev    0x0001b1          0x1 build/default/debug/DisplayConfiguration.o
 .debug_abbrev    0x0001b2        0x196 build/default/debug/DisplayMenu.o
 .debug_abbrev    0x000348        0x154 build/default/debug/DisplayRTCC.o
 .debug_abbrev    0x00049c         0x72 build/default/debug/Delays.o
 .debug_abbrev    0x00050e         0x34 build/default/debug/Watchdog.o
 .debug_abbrev    0x000542        0x22d build/default/debug/Communications.o
 .debug_abbrev    0x00076f          0x1 build/default/debug/REM_DisplayUART.o

.debug_line       0x000000        0xe03
 *(.debug_line)
 .debug_line      0x000000        0x278 build/default/debug/DisplayMain.o
 .debug_line      0x000278         0x1a build/default/debug/DisplayConfiguration.o
 .debug_line      0x000292        0x5ea build/default/debug/DisplayMenu.o
 .debug_line      0x00087c        0x123 build/default/debug/DisplayRTCC.o
 .debug_line      0x00099f         0x42 build/default/debug/Delays.o
 .debug_line      0x0009e1         0x39 build/default/debug/Watchdog.o
 .debug_line      0x000a1a        0x3cf build/default/debug/Communications.o
 .debug_line      0x000de9         0x1a build/default/debug/REM_DisplayUART.o

.debug_frame      0x000000       0x10a6
 *(.debug_frame)
 .debug_frame     0x000000        0x23a build/default/debug/DisplayMain.o
 .debug_frame     0x00023a        0x5ee build/default/debug/DisplayMenu.o
 .debug_frame     0x000828         0x8a build/default/debug/DisplayRTCC.o
 .debug_frame     0x0008b2         0x68 build/default/debug/Delays.o
 .debug_frame     0x00091a         0x30 build/default/debug/Watchdog.o
 .debug_frame     0x00094a        0x75c build/default/debug/Communications.o

.debug_str        0x000000        0xa2f
 *(.debug_str)
 .debug_str       0x000000        0x2fc build/default/debug/DisplayMain.o
 .debug_str       0x0002fc        0x4a2 build/default/debug/DisplayMenu.o
 .debug_str       0x00079e         0x61 build/default/debug/DisplayRTCC.o
 .debug_str       0x0007ff        0x230 build/default/debug/Communications.o

.debug_loc
 *(.debug_loc)

.debug_macinfo
 *(.debug_macinfo)

.debug_pubnames
                  0x000000       0x12a2
 *(.debug_pubnames)
 .debug_pubnames
                  0x000000        0x1b7 build/default/debug/DisplayMain.o
 .debug_pubnames
                  0x0001b7        0x856 build/default/debug/DisplayMenu.o
 .debug_pubnames
                  0x000a0d        0x149 build/default/debug/DisplayRTCC.o
 .debug_pubnames
                  0x000b56         0x3c build/default/debug/Delays.o
 .debug_pubnames
                  0x000b92         0x1f build/default/debug/Watchdog.o
 .debug_pubnames
                  0x000bb1        0x6f1 build/default/debug/Communications.o

.debug_ranges
 *(.debug_ranges)

.debug_aranges    0x000000         0x90
 *(.debug_aranges)
 .debug_aranges
                  0x000000         0x18 build/default/debug/DisplayMain.o
 .debug_aranges
                  0x000018         0x18 build/default/debug/DisplayMenu.o
 .debug_aranges
                  0x000030         0x18 build/default/debug/DisplayRTCC.o
 .debug_aranges
                  0x000048         0x18 build/default/debug/Delays.o
 .debug_aranges
                  0x000060         0x18 build/default/debug/Watchdog.o
 .debug_aranges
                  0x000078         0x18 build/default/debug/Communications.o
                    0x0000                  WREG0 = 0x0
                    0x0000                  _WREG0 = 0x0
                    0x0002                  WREG1 = 0x2
                    0x0002                  _WREG1 = 0x2
                    0x0004                  WREG2 = 0x4
                    0x0004                  _WREG2 = 0x4
                    0x0006                  WREG3 = 0x6
                    0x0006                  _WREG3 = 0x6
                    0x0008                  WREG4 = 0x8
                    0x0008                  _WREG4 = 0x8
                    0x000a                  WREG5 = 0xa
                    0x000a                  _WREG5 = 0xa
                    0x000c                  WREG6 = 0xc
                    0x000c                  _WREG6 = 0xc
                    0x000e                  WREG7 = 0xe
                    0x000e                  _WREG7 = 0xe
                    0x0010                  WREG8 = 0x10
                    0x0010                  _WREG8 = 0x10
                    0x0012                  WREG9 = 0x12
                    0x0012                  _WREG9 = 0x12
                    0x0014                  WREG10 = 0x14
                    0x0014                  _WREG10 = 0x14
                    0x0016                  WREG11 = 0x16
                    0x0016                  _WREG11 = 0x16
                    0x0018                  WREG12 = 0x18
                    0x0018                  _WREG12 = 0x18
                    0x001a                  WREG13 = 0x1a
                    0x001a                  _WREG13 = 0x1a
                    0x001c                  WREG14 = 0x1c
                    0x001c                  _WREG14 = 0x1c
                    0x001e                  WREG15 = 0x1e
                    0x001e                  _WREG15 = 0x1e
                    0x0020                  SPLIM = 0x20
                    0x0020                  _SPLIM = 0x20
                    0x002e                  PCL = 0x2e
                    0x002e                  _PCL = 0x2e
                    0x0030                  PCH = 0x30
                    0x0030                  _PCH = 0x30
                    0x0032                  TBLPAG = 0x32
                    0x0032                  _TBLPAG = 0x32
                    0x0034                  PSVPAG = 0x34
                    0x0034                  _PSVPAG = 0x34
                    0x0036                  RCOUNT = 0x36
                    0x0036                  _RCOUNT = 0x36
                    0x0036                  _RCOUNTbits = 0x36
                    0x0042                  SR = 0x42
                    0x0042                  _SR = 0x42
                    0x0042                  _SRbits = 0x42
                    0x0044                  CORCON = 0x44
                    0x0044                  _CORCON = 0x44
                    0x0044                  _CORCONbits = 0x44
                    0x0052                  DISICNT = 0x52
                    0x0052                  _DISICNT = 0x52
                    0x0056                  CNPD1 = 0x56
                    0x0056                  _CNPD1 = 0x56
                    0x0056                  _CNPD1bits = 0x56
                    0x0058                  CNPD2 = 0x58
                    0x0058                  _CNPD2 = 0x58
                    0x0058                  _CNPD2bits = 0x58
                    0x005a                  CNPD3 = 0x5a
                    0x005a                  _CNPD3 = 0x5a
                    0x0062                  CNEN1 = 0x62
                    0x0062                  _CNEN1 = 0x62
                    0x0062                  _CNEN1bits = 0x62
                    0x0064                  CNEN2 = 0x64
                    0x0064                  _CNEN2 = 0x64
                    0x0064                  _CNEN2bits = 0x64
                    0x0066                  CNEN3 = 0x66
                    0x0066                  _CNEN3 = 0x66
                    0x006e                  CNPU1 = 0x6e
                    0x006e                  _CNPU1 = 0x6e
                    0x006e                  _CNPU1bits = 0x6e
                    0x0070                  CNPU2 = 0x70
                    0x0070                  _CNPU2 = 0x70
                    0x0070                  _CNPU2bits = 0x70
                    0x0072                  CNPU3 = 0x72
                    0x0072                  _CNPU3 = 0x72
                    0x0080                  INTCON1 = 0x80
                    0x0080                  _INTCON1 = 0x80
                    0x0080                  _INTCON1bits = 0x80
                    0x0082                  INTCON2 = 0x82
                    0x0082                  _INTCON2 = 0x82
                    0x0082                  _INTCON2bits = 0x82
                    0x0084                  IFS0 = 0x84
                    0x0084                  _IFS0 = 0x84
                    0x0084                  _IFS0bits = 0x84
                    0x0086                  IFS1 = 0x86
                    0x0086                  _IFS1 = 0x86
                    0x0086                  _IFS1bits = 0x86
                    0x0088                  IFS2 = 0x88
                    0x0088                  _IFS2 = 0x88
                    0x0088                  _IFS2bits = 0x88
                    0x008a                  IFS3 = 0x8a
                    0x008a                  _IFS3 = 0x8a
                    0x008a                  _IFS3bits = 0x8a
                    0x008c                  IFS4 = 0x8c
                    0x008c                  _IFS4 = 0x8c
                    0x008c                  _IFS4bits = 0x8c
                    0x008e                  IFS5 = 0x8e
                    0x008e                  _IFS5 = 0x8e
                    0x008e                  _IFS5bits = 0x8e
                    0x0094                  IEC0 = 0x94
                    0x0094                  _IEC0 = 0x94
                    0x0094                  _IEC0bits = 0x94
                    0x0096                  IEC1 = 0x96
                    0x0096                  _IEC1 = 0x96
                    0x0096                  _IEC1bits = 0x96
                    0x0098                  IEC2 = 0x98
                    0x0098                  _IEC2 = 0x98
                    0x0098                  _IEC2bits = 0x98
                    0x009a                  IEC3 = 0x9a
                    0x009a                  _IEC3 = 0x9a
                    0x009a                  _IEC3bits = 0x9a
                    0x009c                  IEC4 = 0x9c
                    0x009c                  _IEC4 = 0x9c
                    0x009c                  _IEC4bits = 0x9c
                    0x009e                  IEC5 = 0x9e
                    0x009e                  _IEC5 = 0x9e
                    0x009e                  _IEC5bits = 0x9e
                    0x00a4                  IPC0 = 0xa4
                    0x00a4                  _IPC0 = 0xa4
                    0x00a4                  _IPC0bits = 0xa4
                    0x00a6                  IPC1 = 0xa6
                    0x00a6                  _IPC1 = 0xa6
                    0x00a6                  _IPC1bits = 0xa6
                    0x00a8                  IPC2 = 0xa8
                    0x00a8                  _IPC2 = 0xa8
                    0x00a8                  _IPC2bits = 0xa8
                    0x00aa                  IPC3 = 0xaa
                    0x00aa                  _IPC3 = 0xaa
                    0x00aa                  _IPC3bits = 0xaa
                    0x00ac                  IPC4 = 0xac
                    0x00ac                  _IPC4 = 0xac
                    0x00ac                  _IPC4bits = 0xac
                    0x00ae                  IPC5 = 0xae
                    0x00ae                  _IPC5 = 0xae
                    0x00ae                  _IPC5bits = 0xae
                    0x00b0                  IPC6 = 0xb0
                    0x00b0                  _IPC6 = 0xb0
                    0x00b0                  _IPC6bits = 0xb0
                    0x00b2                  IPC7 = 0xb2
                    0x00b2                  _IPC7 = 0xb2
                    0x00b2                  _IPC7bits = 0xb2
                    0x00b4                  IPC8 = 0xb4
                    0x00b4                  _IPC8 = 0xb4
                    0x00b4                  _IPC8bits = 0xb4
                    0x00b6                  IPC9 = 0xb6
                    0x00b6                  _IPC9 = 0xb6
                    0x00b6                  _IPC9bits = 0xb6
                    0x00bc                  IPC12 = 0xbc
                    0x00bc                  _IPC12 = 0xbc
                    0x00bc                  _IPC12bits = 0xbc
                    0x00c2                  IPC15 = 0xc2
                    0x00c2                  _IPC15 = 0xc2
                    0x00c2                  _IPC15bits = 0xc2
                    0x00c4                  IPC16 = 0xc4
                    0x00c4                  _IPC16 = 0xc4
                    0x00c4                  _IPC16bits = 0xc4
                    0x00c8                  IPC18 = 0xc8
                    0x00c8                  _IPC18 = 0xc8
                    0x00c8                  _IPC18bits = 0xc8
                    0x00ca                  IPC19 = 0xca
                    0x00ca                  _IPC19 = 0xca
                    0x00ca                  _IPC19bits = 0xca
                    0x00cc                  IPC20 = 0xcc
                    0x00cc                  _IPC20 = 0xcc
                    0x00cc                  _IPC20bits = 0xcc
                    0x00e0                  INTTREG = 0xe0
                    0x00e0                  _INTTREG = 0xe0
                    0x00e0                  _INTTREGbits = 0xe0
                    0x0100                  TMR1 = 0x100
                    0x0100                  _TMR1 = 0x100
                    0x0102                  PR1 = 0x102
                    0x0102                  _PR1 = 0x102
                    0x0104                  T1CON = 0x104
                    0x0104                  _T1CON = 0x104
                    0x0104                  _T1CONbits = 0x104
                    0x0106                  TMR2 = 0x106
                    0x0106                  _TMR2 = 0x106
                    0x0108                  TMR3HLD = 0x108
                    0x0108                  _TMR3HLD = 0x108
                    0x010a                  TMR3 = 0x10a
                    0x010a                  _TMR3 = 0x10a
                    0x010c                  PR2 = 0x10c
                    0x010c                  _PR2 = 0x10c
                    0x010e                  PR3 = 0x10e
                    0x010e                  _PR3 = 0x10e
                    0x0110                  T2CON = 0x110
                    0x0110                  _T2CON = 0x110
                    0x0110                  _T2CONbits = 0x110
                    0x0112                  T3CON = 0x112
                    0x0112                  _T3CON = 0x112
                    0x0112                  _T3CONbits = 0x112
                    0x0114                  TMR4 = 0x114
                    0x0114                  _TMR4 = 0x114
                    0x0116                  TMR5HLD = 0x116
                    0x0116                  _TMR5HLD = 0x116
                    0x0118                  TMR5 = 0x118
                    0x0118                  _TMR5 = 0x118
                    0x011a                  PR4 = 0x11a
                    0x011a                  _PR4 = 0x11a
                    0x011c                  PR5 = 0x11c
                    0x011c                  _PR5 = 0x11c
                    0x011e                  T4CON = 0x11e
                    0x011e                  _T4CON = 0x11e
                    0x011e                  _T4CONbits = 0x11e
                    0x0120                  T5CON = 0x120
                    0x0120                  _T5CON = 0x120
                    0x0120                  _T5CONbits = 0x120
                    0x0140                  IC1CON1 = 0x140
                    0x0140                  _IC1CON1 = 0x140
                    0x0140                  _IC1CON1bits = 0x140
                    0x0142                  IC1CON2 = 0x142
                    0x0142                  _IC1CON2 = 0x142
                    0x0142                  _IC1CON2bits = 0x142
                    0x0144                  IC1BUF = 0x144
                    0x0144                  _IC1BUF = 0x144
                    0x0146                  IC1TMR = 0x146
                    0x0146                  _IC1TMR = 0x146
                    0x0148                  IC2CON1 = 0x148
                    0x0148                  _IC2CON1 = 0x148
                    0x0148                  _IC2CON1bits = 0x148
                    0x014a                  IC2CON2 = 0x14a
                    0x014a                  _IC2CON2 = 0x14a
                    0x014a                  _IC2CON2bits = 0x14a
                    0x014c                  IC2BUF = 0x14c
                    0x014c                  _IC2BUF = 0x14c
                    0x014e                  IC2TMR = 0x14e
                    0x014e                  _IC2TMR = 0x14e
                    0x0150                  IC3CON1 = 0x150
                    0x0150                  _IC3CON1 = 0x150
                    0x0150                  _IC3CON1bits = 0x150
                    0x0152                  IC3CON2 = 0x152
                    0x0152                  _IC3CON2 = 0x152
                    0x0152                  _IC3CON2bits = 0x152
                    0x0154                  IC3BUF = 0x154
                    0x0154                  _IC3BUF = 0x154
                    0x0156                  IC3TMR = 0x156
                    0x0156                  _IC3TMR = 0x156
                    0x0190                  OC1CON1 = 0x190
                    0x0190                  _OC1CON1 = 0x190
                    0x0190                  _OC1CON1bits = 0x190
                    0x0192                  OC1CON2 = 0x192
                    0x0192                  _OC1CON2 = 0x192
                    0x0192                  _OC1CON2bits = 0x192
                    0x0194                  OC1RS = 0x194
                    0x0194                  _OC1RS = 0x194
                    0x0196                  OC1R = 0x196
                    0x0196                  _OC1R = 0x196
                    0x0198                  OC1TMR = 0x198
                    0x0198                  _OC1TMR = 0x198
                    0x019a                  OC2CON1 = 0x19a
                    0x019a                  _OC2CON1 = 0x19a
                    0x019a                  _OC2CON1bits = 0x19a
                    0x019c                  OC2CON2 = 0x19c
                    0x019c                  _OC2CON2 = 0x19c
                    0x019c                  _OC2CON2bits = 0x19c
                    0x019e                  OC2RS = 0x19e
                    0x019e                  _OC2RS = 0x19e
                    0x01a0                  OC2R = 0x1a0
                    0x01a0                  _OC2R = 0x1a0
                    0x01a2                  OC2TMR = 0x1a2
                    0x01a2                  _OC2TMR = 0x1a2
                    0x01a4                  OC3CON1 = 0x1a4
                    0x01a4                  _OC3CON1 = 0x1a4
                    0x01a4                  _OC3CON1bits = 0x1a4
                    0x01a6                  OC3CON2 = 0x1a6
                    0x01a6                  _OC3CON2 = 0x1a6
                    0x01a6                  _OC3CON2bits = 0x1a6
                    0x01a8                  OC3RS = 0x1a8
                    0x01a8                  _OC3RS = 0x1a8
                    0x01aa                  OC3R = 0x1aa
                    0x01aa                  _OC3R = 0x1aa
                    0x01ac                  OC3TMR = 0x1ac
                    0x01ac                  _OC3TMR = 0x1ac
                    0x0200                  I2C1RCV = 0x200
                    0x0200                  _I2C1RCV = 0x200
                    0x0202                  I2C1TRN = 0x202
                    0x0202                  _I2C1TRN = 0x202
                    0x0204                  I2C1BRG = 0x204
                    0x0204                  _I2C1BRG = 0x204
                    0x0206                  I2C1CON = 0x206
                    0x0206                  _I2C1CON = 0x206
                    0x0206                  _I2C1CONbits = 0x206
                    0x0208                  I2C1STAT = 0x208
                    0x0208                  _I2C1STAT = 0x208
                    0x0208                  _I2C1STATbits = 0x208
                    0x020a                  I2C1ADD = 0x20a
                    0x020a                  _I2C1ADD = 0x20a
                    0x020c                  I2C1MSK = 0x20c
                    0x020c                  _I2C1MSK = 0x20c
                    0x0210                  I2C2RCV = 0x210
                    0x0210                  _I2C2RCV = 0x210
                    0x0212                  I2C2TRN = 0x212
                    0x0212                  _I2C2TRN = 0x212
                    0x0214                  I2C2BRG = 0x214
                    0x0214                  _I2C2BRG = 0x214
                    0x0216                  I2C2CON = 0x216
                    0x0216                  _I2C2CON = 0x216
                    0x0216                  _I2C2CONbits = 0x216
                    0x0218                  I2C2STAT = 0x218
                    0x0218                  _I2C2STAT = 0x218
                    0x0218                  _I2C2STATbits = 0x218
                    0x021a                  I2C2ADD = 0x21a
                    0x021a                  _I2C2ADD = 0x21a
                    0x021c                  I2C2MSK = 0x21c
                    0x021c                  _I2C2MSK = 0x21c
                    0x0220                  U1MODE = 0x220
                    0x0220                  _U1MODE = 0x220
                    0x0220                  _U1MODEbits = 0x220
                    0x0222                  U1STA = 0x222
                    0x0222                  _U1STA = 0x222
                    0x0222                  _U1STAbits = 0x222
                    0x0224                  U1TXREG = 0x224
                    0x0224                  _U1TXREG = 0x224
                    0x0224                  _U1TXREGbits = 0x224
                    0x0226                  U1RXREG = 0x226
                    0x0226                  _U1RXREG = 0x226
                    0x0226                  _U1RXREGbits = 0x226
                    0x0228                  U1BRG = 0x228
                    0x0228                  _U1BRG = 0x228
                    0x0230                  U2MODE = 0x230
                    0x0230                  _U2MODE = 0x230
                    0x0230                  _U2MODEbits = 0x230
                    0x0232                  U2STA = 0x232
                    0x0232                  _U2STA = 0x232
                    0x0232                  _U2STAbits = 0x232
                    0x0234                  U2TXREG = 0x234
                    0x0234                  _U2TXREG = 0x234
                    0x0234                  _U2TXREGbits = 0x234
                    0x0236                  U2RXREG = 0x236
                    0x0236                  _U2RXREG = 0x236
                    0x0236                  _U2RXREGbits = 0x236
                    0x0238                  U2BRG = 0x238
                    0x0238                  _U2BRG = 0x238
                    0x0240                  SPI1STAT = 0x240
                    0x0240                  _SPI1STAT = 0x240
                    0x0240                  _SPI1STATbits = 0x240
                    0x0242                  SPI1CON1 = 0x242
                    0x0242                  _SPI1CON1 = 0x242
                    0x0242                  _SPI1CON1bits = 0x242
                    0x0244                  SPI1CON2 = 0x244
                    0x0244                  _SPI1CON2 = 0x244
                    0x0244                  _SPI1CON2bits = 0x244
                    0x0248                  SPI1BUF = 0x248
                    0x0248                  _SPI1BUF = 0x248
                    0x0260                  SPI2STAT = 0x260
                    0x0260                  _SPI2STAT = 0x260
                    0x0260                  _SPI2STATbits = 0x260
                    0x0262                  SPI2CON1 = 0x262
                    0x0262                  _SPI2CON1 = 0x262
                    0x0262                  _SPI2CON1bits = 0x262
                    0x0264                  SPI2CON2 = 0x264
                    0x0264                  _SPI2CON2 = 0x264
                    0x0264                  _SPI2CON2bits = 0x264
                    0x0268                  SPI2BUF = 0x268
                    0x0268                  _SPI2BUF = 0x268
                    0x02c0                  TRISA = 0x2c0
                    0x02c0                  _TRISA = 0x2c0
                    0x02c0                  _TRISAbits = 0x2c0
                    0x02c2                  PORTA = 0x2c2
                    0x02c2                  _PORTA = 0x2c2
                    0x02c2                  _PORTAbits = 0x2c2
                    0x02c4                  LATA = 0x2c4
                    0x02c4                  _LATA = 0x2c4
                    0x02c4                  _LATAbits = 0x2c4
                    0x02c6                  ODCA = 0x2c6
                    0x02c6                  _ODCA = 0x2c6
                    0x02c6                  _ODCAbits = 0x2c6
                    0x02c8                  TRISB = 0x2c8
                    0x02c8                  _TRISB = 0x2c8
                    0x02c8                  _TRISBbits = 0x2c8
                    0x02ca                  PORTB = 0x2ca
                    0x02ca                  _PORTB = 0x2ca
                    0x02ca                  _PORTBbits = 0x2ca
                    0x02cc                  LATB = 0x2cc
                    0x02cc                  _LATB = 0x2cc
                    0x02cc                  _LATBbits = 0x2cc
                    0x02ce                  ODCB = 0x2ce
                    0x02ce                  _ODCB = 0x2ce
                    0x02ce                  _ODCBbits = 0x2ce
                    0x02fc                  PADCFG1 = 0x2fc
                    0x02fc                  _PADCFG1 = 0x2fc
                    0x02fc                  _PADCFG1bits = 0x2fc
                    0x0300                  ADC1BUF0 = 0x300
                    0x0300                  _ADC1BUF0 = 0x300
                    0x0302                  ADC1BUF1 = 0x302
                    0x0302                  _ADC1BUF1 = 0x302
                    0x0304                  ADC1BUF2 = 0x304
                    0x0304                  _ADC1BUF2 = 0x304
                    0x0306                  ADC1BUF3 = 0x306
                    0x0306                  _ADC1BUF3 = 0x306
                    0x0308                  ADC1BUF4 = 0x308
                    0x0308                  _ADC1BUF4 = 0x308
                    0x030a                  ADC1BUF5 = 0x30a
                    0x030a                  _ADC1BUF5 = 0x30a
                    0x030c                  ADC1BUF6 = 0x30c
                    0x030c                  _ADC1BUF6 = 0x30c
                    0x030e                  ADC1BUF7 = 0x30e
                    0x030e                  _ADC1BUF7 = 0x30e
                    0x0310                  ADC1BUF8 = 0x310
                    0x0310                  _ADC1BUF8 = 0x310
                    0x0312                  ADC1BUF9 = 0x312
                    0x0312                  _ADC1BUF9 = 0x312
                    0x0314                  ADC1BUF10 = 0x314
                    0x0314                  _ADC1BUF10 = 0x314
                    0x0316                  ADC1BUF11 = 0x316
                    0x0316                  _ADC1BUF11 = 0x316
                    0x0318                  ADC1BUF12 = 0x318
                    0x0318                  _ADC1BUF12 = 0x318
                    0x031a                  ADC1BUF13 = 0x31a
                    0x031a                  _ADC1BUF13 = 0x31a
                    0x031c                  ADC1BUF14 = 0x31c
                    0x031c                  _ADC1BUF14 = 0x31c
                    0x031e                  ADC1BUF15 = 0x31e
                    0x031e                  _ADC1BUF15 = 0x31e
                    0x0320                  ADC1BUF16 = 0x320
                    0x0320                  _ADC1BUF16 = 0x320
                    0x0322                  ADC1BUF17 = 0x322
                    0x0322                  _ADC1BUF17 = 0x322
                    0x0340                  AD1CON1 = 0x340
                    0x0340                  _AD1CON1 = 0x340
                    0x0340                  _AD1CON1bits = 0x340
                    0x0342                  AD1CON2 = 0x342
                    0x0342                  _AD1CON2 = 0x342
                    0x0342                  _AD1CON2bits = 0x342
                    0x0344                  AD1CON3 = 0x344
                    0x0344                  _AD1CON3 = 0x344
                    0x0344                  _AD1CON3bits = 0x344
                    0x0348                  AD1CHS = 0x348
                    0x0348                  _AD1CHS = 0x348
                    0x0348                  _AD1CHSbits = 0x348
                    0x034e                  AD1CSSH = 0x34e
                    0x034e                  _AD1CSSH = 0x34e
                    0x034e                  _AD1CSSHbits = 0x34e
                    0x0350                  AD1CSSL = 0x350
                    0x0350                  _AD1CSSL = 0x350
                    0x0350                  _AD1CSSLbits = 0x350
                    0x0354                  AD1CON5 = 0x354
                    0x0354                  _AD1CON5 = 0x354
                    0x0354                  _AD1CON5bits = 0x354
                    0x0356                  AD1CHITH = 0x356
                    0x0356                  _AD1CHITH = 0x356
                    0x0356                  _AD1CHITHbits = 0x356
                    0x0358                  AD1CHITL = 0x358
                    0x0358                  _AD1CHITL = 0x358
                    0x0358                  _AD1CHITLbits = 0x358
                    0x035a                  CTMUCON1 = 0x35a
                    0x035a                  _CTMUCON1 = 0x35a
                    0x035a                  _CTMUCON1bits = 0x35a
                    0x035c                  CTMUCON2 = 0x35c
                    0x035c                  _CTMUCON2 = 0x35c
                    0x035c                  _CTMUCON2bits = 0x35c
                    0x035e                  CTMUICON = 0x35e
                    0x035e                  _CTMUICON = 0x35e
                    0x035e                  _CTMUICONbits = 0x35e
                    0x0360                  AD1CTMUENH = 0x360
                    0x0360                  _AD1CTMUENH = 0x360
                    0x0360                  _AD1CTMUENHbits = 0x360
                    0x0362                  AD1CTMUENL = 0x362
                    0x0362                  _AD1CTMUENL = 0x362
                    0x0362                  _AD1CTMUENLbits = 0x362
                    0x04e0                  ANSA = 0x4e0
                    0x04e0                  _ANSA = 0x4e0
                    0x04e0                  _ANSAbits = 0x4e0
                    0x04e0                  ANSELA = 0x4e0
                    0x04e0                  _ANSELA = 0x4e0
                    0x04e0                  _ANSELAbits = 0x4e0
                    0x04e2                  ANSB = 0x4e2
                    0x04e2                  _ANSB = 0x4e2
                    0x04e2                  _ANSBbits = 0x4e2
                    0x04e2                  ANSELB = 0x4e2
                    0x04e2                  _ANSELB = 0x4e2
                    0x04e2                  _ANSELBbits = 0x4e2
                    0x0620                  ALRMVAL = 0x620
                    0x0620                  _ALRMVAL = 0x620
                    0x0622                  ALCFGRPT = 0x622
                    0x0622                  _ALCFGRPT = 0x622
                    0x0622                  _ALCFGRPTbits = 0x622
                    0x0624                  RTCVAL = 0x624
                    0x0624                  _RTCVAL = 0x624
                    0x0626                  RCFGCAL = 0x626
                    0x0626                  _RCFGCAL = 0x626
                    0x0626                  _RCFGCALbits = 0x626
                    0x0628                  RTCPWC = 0x628
                    0x0628                  _RTCPWC = 0x628
                    0x0628                  _RTCPWCbits = 0x628
                    0x0630                  CMSTAT = 0x630
                    0x0630                  _CMSTAT = 0x630
                    0x0630                  _CMSTATbits = 0x630
                    0x0632                  CVRCON = 0x632
                    0x0632                  _CVRCON = 0x632
                    0x0632                  _CVRCONbits = 0x632
                    0x0634                  CM1CON = 0x634
                    0x0634                  _CM1CON = 0x634
                    0x0634                  _CM1CONbits = 0x634
                    0x0636                  CM2CON = 0x636
                    0x0636                  _CM2CON = 0x636
                    0x0636                  _CM2CONbits = 0x636
                    0x0638                  CM3CON = 0x638
                    0x0638                  _CM3CON = 0x638
                    0x0638                  _CM3CONbits = 0x638
                    0x0640                  CRCCON1 = 0x640
                    0x0640                  _CRCCON1 = 0x640
                    0x0640                  _CRCCON1bits = 0x640
                    0x0642                  CRCCON2 = 0x642
                    0x0642                  _CRCCON2 = 0x642
                    0x0642                  _CRCCON2bits = 0x642
                    0x0644                  CRCXOR = 0x644
                    0x0644                  _CRCXOR = 0x644
                    0x0644                  _CRCXORbits = 0x644
                    0x0644                  CRCXORL = 0x644
                    0x0644                  _CRCXORL = 0x644
                    0x0644                  _CRCXORLbits = 0x644
                    0x0646                  CRCXORH = 0x646
                    0x0646                  _CRCXORH = 0x646
                    0x0646                  _CRCXORHbits = 0x646
                    0x0648                  CRCDAT = 0x648
                    0x0648                  _CRCDAT = 0x648
                    0x0648                  CRCDAT32 = 0x648
                    0x0648                  _CRCDAT32 = 0x648
                    0x0648                  CRCDAT8 = 0x648
                    0x0648                  _CRCDAT8 = 0x648
                    0x0648                  CRCDATL = 0x648
                    0x0648                  _CRCDATL = 0x648
                    0x064a                  CRCDATH = 0x64a
                    0x064a                  _CRCDATH = 0x64a
                    0x064c                  CRCWDAT = 0x64c
                    0x064c                  _CRCWDAT = 0x64c
                    0x064c                  CRCWDATL = 0x64c
                    0x064c                  _CRCWDATL = 0x64c
                    0x064e                  CRCWDATH = 0x64e
                    0x064e                  _CRCWDATH = 0x64e
                    0x0740                  RCON = 0x740
                    0x0740                  _RCON = 0x740
                    0x0740                  _RCONbits = 0x740
                    0x0742                  OSCCON = 0x742
                    0x0742                  _OSCCON = 0x742
                    0x0742                  _OSCCONbits = 0x742
                    0x0742                  OSCCONL = 0x742
                    0x0742                  _OSCCONL = 0x742
                    0x0743                  OSCCONH = 0x743
                    0x0743                  _OSCCONH = 0x743
                    0x0744                  CLKDIV = 0x744
                    0x0744                  _CLKDIV = 0x744
                    0x0744                  _CLKDIVbits = 0x744
                    0x0748                  OSCTUN = 0x748
                    0x0748                  _OSCTUN = 0x748
                    0x0748                  _OSCTUNbits = 0x748
                    0x074e                  REFOCON = 0x74e
                    0x074e                  _REFOCON = 0x74e
                    0x074e                  _REFOCONbits = 0x74e
                    0x0756                  HLVDCON = 0x756
                    0x0756                  _HLVDCON = 0x756
                    0x0756                  _HLVDCONbits = 0x756
                    0x0758                  DSCON = 0x758
                    0x0758                  _DSCON = 0x758
                    0x0758                  _DSCONbits = 0x758
                    0x075a                  DSWAKE = 0x75a
                    0x075a                  _DSWAKE = 0x75a
                    0x075a                  _DSWAKEbits = 0x75a
                    0x075a                  DSWSRC = 0x75a
                    0x075a                  _DSWSRC = 0x75a
                    0x075a                  _DSWSRCbits = 0x75a
                    0x075c                  DSGPR0 = 0x75c
                    0x075c                  _DSGPR0 = 0x75c
                    0x075e                  DSGPR1 = 0x75e
                    0x075e                  _DSGPR1 = 0x75e
                    0x0760                  NVMCON = 0x760
                    0x0760                  _NVMCON = 0x760
                    0x0760                  _NVMCONbits = 0x760
                    0x0766                  NVMKEY = 0x766
                    0x0766                  _NVMKEY = 0x766
                    0x0766                  _NVMKEYbits = 0x766
                    0x0768                  ULPWCON = 0x768
                    0x0768                  _ULPWCON = 0x768
                    0x0768                  _ULPWCONbits = 0x768
                    0x0770                  PMD1 = 0x770
                    0x0770                  _PMD1 = 0x770
                    0x0770                  _PMD1bits = 0x770
                    0x0772                  PMD2 = 0x772
                    0x0772                  _PMD2 = 0x772
                    0x0772                  _PMD2bits = 0x772
                    0x0774                  PMD3 = 0x774
                    0x0774                  _PMD3 = 0x774
                    0x0774                  _PMD3bits = 0x774
                    0x0776                  PMD4 = 0x776
                    0x0776                  _PMD4 = 0x776
                    0x0776                  _PMD4bits = 0x776
                    0x0144                  IC1 = 0x144
                    0x0144                  _IC1 = 0x144
                    0x014c                  IC2 = 0x14c
                    0x014c                  _IC2 = 0x14c
                    0x0154                  IC3 = 0x154
                    0x0154                  _IC3 = 0x154
                    0x0194                  OC1 = 0x194
                    0x0194                  _OC1 = 0x194
                    0x019e                  OC2 = 0x19e
                    0x019e                  _OC2 = 0x19e
                    0x01a8                  OC3 = 0x1a8
                    0x01a8                  _OC3 = 0x1a8
                    0x0240                  SPI1 = 0x240
                    0x0240                  _SPI1 = 0x240
                    0x0260                  SPI2 = 0x260
                    0x0260                  _SPI2 = 0x260
                    0x0220                  UART1 = 0x220
                    0x0220                  _UART1 = 0x220
                    0x0230                  UART2 = 0x230
                    0x0230                  _UART2 = 0x230
START GROUP
LOAD c:/program files (x86)/microchip/xc16/v1.33/bin/bin/../../lib\libpic30-elf.a
LOAD c:/program files (x86)/microchip/xc16/v1.33/bin/bin/../../lib\libm-elf.a
LOAD c:/program files (x86)/microchip/xc16/v1.33/bin/bin/../../lib\libc-elf.a
END GROUP
OUTPUT(dist/default/debug/BFDisplayPIC.X.debug.elf elf32-pic30)
LOAD FGS
LOAD FBS
LOAD default_isr
LOAD data_init

.debug_pubtypes
                  0x000090        0x305
 .debug_pubtypes
                  0x000090        0x136 build/default/debug/DisplayMain.o
 .debug_pubtypes
                  0x0001c6         0x5b build/default/debug/DisplayMenu.o
 .debug_pubtypes
                  0x000221         0x42 build/default/debug/DisplayRTCC.o
 .debug_pubtypes
                  0x000263         0x12 build/default/debug/Delays.o
 .debug_pubtypes
                  0x000275         0x12 build/default/debug/Watchdog.o
 .debug_pubtypes
                  0x000287        0x10e build/default/debug/Communications.o

__c30_signature
                  0x000395         0x66
 __c30_signature
                  0x000395          0x6 build/default/debug/DisplayMain.o
 __c30_signature
                  0x00039b          0x6 build/default/debug/DisplayConfiguration.o
 __c30_signature
                  0x0003a1          0x6 build/default/debug/DisplayMenu.o
 __c30_signature
                  0x0003a7          0x6 build/default/debug/DisplayRTCC.o
 __c30_signature
                  0x0003ad          0x6 build/default/debug/Delays.o
 __c30_signature
                  0x0003b3          0x6 build/default/debug/Watchdog.o
 __c30_signature
                  0x0003b9          0x6 build/default/debug/Communications.o
 __c30_signature
                  0x0003bf          0x6 build/default/debug/REM_DisplayUART.o
 __c30_signature
                  0x0003c5          0x6 c:/program files (x86)/microchip/xc16/v1.33/bin/bin/../../lib\libpic30-elf.a(crt0_standard.o)
 __c30_signature
                  0x0003cb          0x6 c:/program files (x86)/microchip/xc16/v1.33/bin/bin/../../lib\libpic30-elf.a(data_init_standard.o)
 __c30_signature
                  0x0003d1          0x6 c:/program files (x86)/microchip/xc16/v1.33/bin/bin/../../lib\libm-elf.a(udivsi3.eo)
 __c30_signature
                  0x0003d7          0x6 c:/program files (x86)/microchip/xc16/v1.33/bin/bin/../../lib\libm-elf.a(umodsi3.eo)
 __c30_signature
                  0x0003dd          0x6 c:/program files (x86)/microchip/xc16/v1.33/bin/bin/../../lib\libc-elf.a(atoi.eo)
 __c30_signature
                  0x0003e3          0x6 c:/program files (x86)/microchip/xc16/v1.33/bin/bin/../../lib\libc-elf.a(atol.eo)
 __c30_signature
                  0x0003e9          0x6 c:/program files (x86)/microchip/xc16/v1.33/bin/bin/../../lib\libc-elf.a(itoa.eo)
 __c30_signature
                  0x0003ef          0x6 c:/program files (x86)/microchip/xc16/v1.33/bin/bin/../../lib\libc-elf.a(ltoa.eo)
 __c30_signature
                  0x0003f5          0x6 c:/program files (x86)/microchip/xc16/v1.33/bin/bin/../../lib\libm-elf.a(mulsi3.eo)

.nbss               0x0850        0x20e
 .nbss              0x0850        0x164 build/default/debug/DisplayMenu.o
                    0x0850                  _passwordSet
                    0x0856                  _previousDayUsed
                    0x085a                  _totalUsed
                    0x085e                  _audibleAlarm
                    0x085f                  _alarm1Enabled
                    0x0860                  _alarm2Enabled
                    0x0861                  _alarm1Energy
                    0x0862                  _alarm2Energy
                    0x0863                  _emerButtonEnable
                    0x0864                  _resetTimeHour
                    0x0865                  _resetTimeMinute
                    0x0866                  _tempResetHour
                    0x0867                  _tempResetMinute
                    0x0868                  _tempIsHigh
                    0x0869                  _oldPowerMenuState
                    0x086a                  _emerButtonEnergyAllocate
                    0x086c                  _emerButtonAllocTemp
                    0x086e                  _emerAllocNow
                    0x0870                  _emerAllocSend
                    0x0872                  _powerDownTime
                    0x087e                  _powerUpTime
                    0x088a                  _powerBoxCodeVersionString
                    0x0893                  _passwordInput
                    0x0899                  _newPassword
                    0x08a5                  _pwLength
                    0x08a6                  _homeBasicAlternate
                    0x08a7                  _barGraph
                    0x08bc                  _tempResetTimeString
                    0x08c2                  _timeRemHour
                    0x08c3                  _timeRemMinute
                    0x08c4                  _timeRemSecond
                    0x08c5                  _timeRemUpdate
                    0x08c6                  _timeRem1
                    0x08ca                  _timeRem2
                    0x08ce                  _timeRem3
                    0x08d2                  _timeRem4
                    0x08d6                  _timeRem5
                    0x08da                  _timeRemainingString
                    0x08e3                  _currentDisplay
                    0x0934                  _nextDisplay
                    0x0985                  _menuState
                    0x0986                  _oldMenuState
                    0x0987                  _lastUpdateSecond
                    0x0988                  _lastUpdateMinute
                    0x0989                  _enablePeriodicUpdate
                    0x098a                  _activeAlarm
                    0x098b                  _alarmToResume
                    0x098c                  _rightArrow
                    0x098e                  _tempPercent
                    0x098f                  _silenceAlarmOne
                    0x0990                  _silenceAlarmTwo
                    0x0991                  _remainingSets
                    0x0992                  _powerLoad
                    0x0996                  _energyUsed
                    0x099a                  _energyAllocated
                    0x099e                  _lowAlloc
                    0x09a2                  _highAlloc
                    0x09a6                  _tempAlloc
                    0x09aa                  _percentRem
                    0x09ab                  _button0Flag
                    0x09ac                  _button1Flag
                    0x09ad                  _button2Flag
                    0x09ae                  _button3Flag
                    0x09af                  _relayActive
                    0x09b0                  _tempRelayActive
                    0x09b1                  _isBooting
                    0x09b2                  _alarmOneHit
                    0x09b3                  _alarmTwoHit
 .nbss              0x09b4         0x68 build/default/debug/Communications.o
                    0x09b4                  _SPI_transmit_wait
                    0x09b5                  _uartBufferLarge
                    0x09bf                  _uartBufferLargeCount
 .nbss              0x0a1c         0x36 build/default/debug/DisplayRTCC.o
                    0x0a1c                  _timeYear
                    0x0a1d                  _timeMonth
                    0x0a1e                  _timeDay
                    0x0a1f                  _timeWeekday
                    0x0a20                  _timeHour
                    0x0a21                  _timeMinute
                    0x0a22                  _timeSecond
                    0x0a23                  _resetTimeSecond
                    0x0a24                  _clockStr
                    0x0a2a                  _calendarStr
                    0x0a33                  _timeSetPos
                    0x0a34                  _tempHour
                    0x0a35                  _tempMin
                    0x0a36                  _tempMonth
                    0x0a37                  _tempDay
                    0x0a38                  _tempYear
                    0x0a39                  _tempClockStr
                    0x0a43                  _tempCalStr
 .nbss              0x0a52          0xc build/default/debug/DisplayMain.o
                    0x0a52                  _commError
                    0x0a53                  _commErrorTime
                    0x0a54                  _alarmEnd
                    0x0a55                  _alarmPulse
                    0x0a56                  _numBeeps
                    0x0a57                  _numSets

.ndata              0x0a5e          0x2
 .ndata             0x0a5e          0x2 build/default/debug/DisplayMenu.o
                    0x0a5e                  _isHigh

.ivt._T2Interrupt
                  0x000022          0x2
 .ivt._T2Interrupt
                  0x000022          0x2 build/default/debug/DisplayMain.o

.config_DSWDTEN
                  0xf80010          0x2
 .config_DSWDTEN
                  0xf80010          0x2 build/default/debug/DisplayConfiguration.o

.config_ICS       0xf8000e          0x2
 .config_ICS      0xf8000e          0x2 build/default/debug/DisplayConfiguration.o

.config_MCLRE     0xf8000c          0x2
 .config_MCLRE    0xf8000c          0x2 build/default/debug/DisplayConfiguration.o

.config_WINDIS    0xf8000a          0x2
 .config_WINDIS
                  0xf8000a          0x2 build/default/debug/DisplayConfiguration.o

.config_FCKSM     0xf80008          0x2
 .config_FCKSM    0xf80008          0x2 build/default/debug/DisplayConfiguration.o

.config_IESO      0xf80006          0x2
 .config_IESO     0xf80006          0x2 build/default/debug/DisplayConfiguration.o

.ivt._T1Interrupt
                  0x00001a          0x2
 .ivt._T1Interrupt
                  0x00001a          0x2 build/default/debug/DisplayMenu.o

.ivt._U2RXInterrupt
                  0x000050          0x2
 .ivt._U2RXInterrupt
                  0x000050          0x2 build/default/debug/Communications.o

.ivt._U2ErrInterrupt
                  0x000098          0x2
 .ivt._U2ErrInterrupt
                  0x000098          0x2 build/default/debug/Communications.o

.const              0x87c4        0x93a load address 0x0007c4  
 .const             0x87c4        0x850 build/default/debug/DisplayMenu.o
                    0x87c4                  _softKeys0
                    0x87d9                  _softKeys1
                    0x87ee                  _softKeys2
 .const             0x9014         0x96 build/default/debug/Communications.o
 .const             0x90aa         0x54 build/default/debug/DisplayMain.o

.text             0x0010fe       0x3538
 .text            0x0010fe       0x1d8a build/default/debug/DisplayMenu.o
                  0x0010fe                  _dspCommand
                  0x001124                  _dspWrite
                  0x001146                  _dspWriteMessage
                  0x001164                  _dspNibble
                  0x001172                  _initDisplay
                  0x0011ea                  _dspSetP1
                  0x001262                  _writeToDisplay
                  0x00136a                  _updateMenu
                  0x0015b4                  _menuButtonRead
                  0x00163c                  _menuError
                  0x001674                  _menuDebug
                  0x00168c                  _menuHomeBasic
                  0x001862                  _menuHomeDetail
                  0x001910                  _menuAlarm
                  0x00196e                  _menuMain1
                  0x0019a2                  _menuMain2
                  0x0019da                  _menuMain3
                  0x001a58                  _menuMain4
                  0x001a88                  _menuMain5
                  0x001aba                  _menuMain6
                  0x001aec                  _menuAlarm1
                  0x001b74                  _menuAlarm2
                  0x001c06                  _menuAlarm3
                  0x001d06                  _menuAlarm4
                  0x001d98                  _menuAlarm5
                  0x001e98                  _menuStatistics
                  0x001ee4                  _menuPowerFailTimes
                  0x001f24                  _menuAbout
                  0x001f5c                  _menuAdminLogin
                  0x00208c                  _menuAdmin1
                  0x0020dc                  _menuAdmin2
                  0x00212c                  _menuAdmin3
                  0x002154                  _menuAdmin4
                  0x0021ba                  _menuAdmin5
                  0x0021f2                  _menuAdmin6
                  0x00222c                  _menuSetTime
                  0x002416                  _menuSetPower
                  0x0025e8                  _menuSetResetTime
                  0x0026b0                  _menuEmergency1
                  0x00271a                  _menuEmergency2
                  0x00277a                  _menuEmergency3
                  0x00283e                  _menuEmergency4
                  0x0028e0                  _menuHighLow
                  0x002990                  _menuSetRelay
                  0x002a0e                  _menuBadDate
                  0x002a38                  _menuShutOffWarning
                  0x002a78                  _menuPasswordChange
                  0x002bcc                  _menuPowerReset
                  0x002c4e                  _writeBarGraph
                  0x002cae                  _calcPercentRem
                  0x002d08                  _calcTimeRemaining
 .text            0x002e88        0xf88 build/default/debug/Communications.o
                  0x002e88                  _communications
                  0x002ed8                  _resetCommunications
                  0x002eec                  _receive_data
                  0x002f74                  _process_data
                  0x002f8e                  _process_data_parameterize
                  0x003060                  _process_data_parameters
                  0x003546                  _command_builder1
                  0x00356e                  _command_builder2
                  0x0035a4                  _command_builder3
                  0x0035e8                  _command_builder4
                  0x00363a                  _command_builder5
                  0x00369a                  _command_builder6
                  0x003708                  _command_builder7
                  0x003784                  _command_builder_add_char
                  0x0037b4                  _command_builder_add_string
                  0x0037e0                  _command_builder_external_helper
                  0x0037f6                  _send_data
                  0x003844                  _strmatch
                  0x003864                  _strcmp2
                  0x003906                  _checkOnOff
                  0x003932                  _fillOnOff
                  0x003978                  _UART_receive_data_char
                  0x0039c6                  _UART_send_data_char
                  0x0039e8                  _send_end_of_transmission
                  0x0039f6                  _com_command_readRemoteTime
                  0x003a08                  _readRemoteTime
                  0x003a18                  _com_command_setRemoteTime
                  0x003a2a                  _setRemoteTime
                  0x003acc                  _com_command_readRemoteEnergyAllocation
                  0x003ade                  _readRemoteEnergyAllocation
                  0x003aee                  _com_command_setRemoteEnergyAllocation
                  0x003b00                  _setRemoteEnergyAllocation
                  0x003b1c                  _com_command_readRemoteAlarm
                  0x003b2e                  _readRemoteAlarm
                  0x003b3e                  _com_command_setRemoteAlarm
                  0x003b50                  _setRemoteAlarm
                  0x003ba8                  _com_command_readRemotePassword
                  0x003bba                  _readRemotePassword
                  0x003bca                  _com_command_setRemotePassword
                  0x003bdc                  _setRemotePassword
                  0x003c0a                  _com_command_readRemoteEmergency
                  0x003c1c                  _readRemoteEmergency
                  0x003c2c                  _com_command_setRemoteEmergency
                  0x003c3e                  _setRemoteEmergency
                  0x003c66                  _com_command_readRemoteResetTime
                  0x003c78                  _readRemoteResetTime
                  0x003c88                  _com_command_setRemoteResetTime
                  0x003c9a                  _setRemoteResetTime
                  0x003cd2                  _com_command_readRemoteRelay
                  0x003ce4                  _readRemoteRelay
                  0x003cf4                  _com_command_setRemoteRelay
                  0x003d06                  _setRemoteRelay
                  0x003d22                  _com_command_readRemoteStat
                  0x003d34                  _readRemoteStat
                  0x003d44                  _com_command_readRemoteCBver
                  0x003d56                  _readRemoteCBver
                  0x003d66                  _com_command_readRemotePowerFailTimes
                  0x003d78                  _readRemotePowerFailTimes
                  0x003d88                  _com_command_readRemotePowerData
                  0x003d9a                  _readRemotePowerData
                  0x003dac                  _com_command_readRemoteEnergy
                  0x003db2                  _com_command_readUpdate
                  0x003db8                  _com_command_doReset
                  0x003dbe                  _initUART
 .text            0x003e10        0x638 build/default/debug/DisplayMain.o
                  0x003e10                  _main
                  0x003e52                  _init
                  0x003e7c                  _initVars
                  0x003ee2                  _initPorts
                  0x003f00                  _enablePullDownResistors
                  0x003f0e                  _enableInterrupts
                  0x003f1a                  _disableInterrupts
                  0x003f28                  _enableAlarm
                  0x004044                  _startAlarm
                  0x0040b6                  _nextDot
                  0x0040d0                  _initDisplayBox
                  0x00410a                  _periodicUpdate
                  0x00417c                  _checkCommFailure
                  0x0041aa                  _initRTCCDisplay
                  0x0041c6                  _initTimer
                  0x0041e8                  _writeClockStrings
                  0x0042be                  _writeTempClockStrings
                  0x004434                  _debugBacklight
 .text            0x004448        0x18e build/default/debug/DisplayRTCC.o
                  0x004448                  _readTime
                  0x0044aa                  _writeTime
                  0x004574                  _BcdToDec
                  0x0045a4                  _DecToBcd
 .text            0x0045d6         0x60 build/default/debug/Delays.o
                  0x0045d6                  _delayFourUS
                  0x0045ee                  _delayMS
                  0x00461a                  _commDelay

.dinit            0x004636         0x22
 .dinit           0x004636         0x22 data_init

.text             0x004658          0x8
 .text            0x004658          0x8 build/default/debug/Watchdog.o
                  0x004658                  _resetWDT
